***A***
LOCAL COMMIT:
 Commit 1:
  Our htlcs: 1
  SIGNED
REMOTE COMMIT:
 Commit 1:
  Our htlcs: 1
  SIGNED
***B***
LOCAL COMMIT:
 Commit 1:
  Their htlcs: 1
  SIGNED
REMOTE COMMIT:
 Commit 1:
  Their htlcs: 1
  SIGNED
