***A***
LOCAL COMMIT:
 Commit 1:
  Fee level 2
  SIGNED
REMOTE COMMIT:
 Commit 1:
  SIGNED
***B***
LOCAL COMMIT:
 Commit 1:
  SIGNED
REMOTE COMMIT:
 Commit 1:
  Fee level 2
  SIGNED
